\BOOKMARK [1][-]{section.1}{\376\377\000I\000n\000t\000r\000o\000d\000u\000c\000t\000i\000o\000n}{}% 1
\BOOKMARK [1][-]{section.2}{\376\377\000T\000h\000e\000\040\000p\000r\000o\000b\000l\000e\000m\000,\000\040\000f\000o\000r\000\040\000a\000\040\000r\000e\000a\000d\000e\000r\000\040\000w\000h\000o\000\040\000h\000a\000s\000\040\000n\000e\000v\000e\000r\000\040\000s\000e\000e\000n\000\040\000a\000\040\000t\000o\000k\000a\000m\000a\000k}{}% 2
\BOOKMARK [2][-]{subsection.2.1}{\376\377\000W\000h\000a\000t\000\040\000i\000s\000\040\000b\000e\000i\000n\000g\000\040\000c\000o\000m\000p\000u\000t\000e\000d\000,\000\040\000a\000n\000d\000\040\000w\000h\000y\000\040\000a\000n\000y\000o\000n\000e\000\040\000w\000a\000n\000t\000s\000\040\000i\000t\000\040\000f\000a\000s\000t}{section.2}% 3
\BOOKMARK [2][-]{subsection.2.2}{\376\377\000T\000h\000e\000\040\000f\000i\000v\000e\000\040\000n\000u\000m\000b\000e\000r\000s\000\040\000t\000h\000a\000t\000\040\000d\000e\000f\000i\000n\000e\000\040\000a\000\040\000c\000a\000s\000e}{section.2}% 4
\BOOKMARK [2][-]{subsection.2.3}{\376\377\000H\000o\000w\000\040\000g\000o\000o\000d\000\040\000i\000s\000\040\000a\000\040\000p\000r\000e\000d\000i\000c\000t\000i\000o\000n\000?\000\040\000R\000e\000a\000d\000i\000n\000g\000\040\000t\000h\000e\000\040\000e\000r\000r\000o\000r\000\040\000m\000e\000t\000r\000i\000c}{section.2}% 5
\BOOKMARK [1][-]{section.3}{\376\377\000R\000e\000l\000a\000t\000e\000d\000\040\000w\000o\000r\000k}{}% 6
\BOOKMARK [1][-]{section.4}{\376\377\000T\000h\000e\000\040\000b\000e\000n\000c\000h\000m\000a\000r\000k}{}% 7
\BOOKMARK [2][-]{subsection.4.1}{\376\377\000V\000o\000c\000a\000b\000u\000l\000a\000r\000y}{section.4}% 8
\BOOKMARK [2][-]{subsection.4.2}{\376\377\000W\000h\000a\000t\000\040\000t\000h\000e\000\040\000a\000g\000e\000n\000t\000\040\000i\000s\000\040\000a\000s\000k\000e\000d\000\040\000t\000o\000\040\000d\000o}{section.4}% 9
\BOOKMARK [2][-]{subsection.4.3}{\376\377\000T\000h\000e\000\040\000d\000e\000l\000i\000v\000e\000r\000a\000b\000l\000e\000\040\000c\000o\000n\000t\000r\000a\000c\000t}{section.4}% 10
\BOOKMARK [2][-]{subsection.4.4}{\376\377\000T\000h\000e\000\040\000s\000c\000a\000f\000f\000o\000l\000d\000i\000n\000g\000\040\000l\000a\000d\000d\000e\000r}{section.4}% 11
\BOOKMARK [2][-]{subsection.4.5}{\376\377\000I\000s\000\040\000t\000h\000e\000\040\000t\000a\000s\000k\000\040\000h\000a\000r\000d\000\040\000f\000o\000r\000\040\000t\000h\000e\000\040\000r\000i\000g\000h\000t\000\040\000r\000e\000a\000s\000o\000n\000s\000?}{section.4}% 12
\BOOKMARK [2][-]{subsection.4.6}{\376\377\000A\000\040\000w\000o\000r\000k\000e\000d\000\040\000e\000x\000a\000m\000p\000l\000e}{section.4}% 13
\BOOKMARK [1][-]{section.5}{\376\377\000E\000x\000p\000e\000r\000i\000m\000e\000n\000t\000a\000l\000\040\000d\000e\000s\000i\000g\000n}{}% 14
\BOOKMARK [2][-]{subsection.5.1}{\376\377\000C\000o\000n\000d\000i\000t\000i\000o\000n\000s}{section.5}% 15
\BOOKMARK [2][-]{subsection.5.2}{\376\377\000H\000o\000l\000d\000i\000n\000g\000\040\000t\000h\000e\000\040\000m\000o\000d\000e\000l\000\040\000f\000i\000x\000e\000d}{section.5}% 16
\BOOKMARK [2][-]{subsection.5.3}{\376\377\000E\000q\000u\000a\000l\000\040\000c\000o\000m\000p\000u\000t\000e\000\040\000b\000u\000d\000g\000e\000t\000s\000,\000\040\000a\000n\000d\000\040\000w\000h\000y\000\040\000t\000h\000e\000y\000\040\000a\000r\000e\000\040\000h\000a\000r\000d\000\040\000t\000o\000\040\000e\000n\000f\000o\000r\000c\000e}{section.5}% 17
\BOOKMARK [2][-]{subsection.5.4}{\376\377\000W\000h\000a\000t\000\040\000i\000s\000\040\000h\000e\000l\000d\000\040\000f\000i\000x\000e\000d}{section.5}% 18
\BOOKMARK [2][-]{subsection.5.5}{\376\377\000A\000n\000a\000l\000y\000s\000i\000s\000,\000\040\000a\000n\000d\000\040\000o\000n\000e\000\040\000c\000h\000a\000n\000g\000e\000\040\000w\000e\000\040\000m\000a\000d\000e\000\040\000a\000f\000t\000e\000r\000\040\000s\000e\000e\000i\000n\000g\000\040\000t\000h\000e\000\040\000d\000a\000t\000a}{section.5}% 19
\BOOKMARK [1][-]{section.6}{\376\377\000R\000e\000s\000u\000l\000t\000s}{}% 20
\BOOKMARK [2][-]{subsection.6.1}{\376\377\000T\000h\000e\000\040\000p\000e\000r\000-\000c\000e\000l\000l\000\040\000t\000a\000b\000l\000e}{section.6}% 21
\BOOKMARK [2][-]{subsection.6.2}{\376\377\000D\000o\000e\000s\000\040\000l\000i\000b\000r\000a\000r\000y\000\040\000a\000c\000c\000e\000s\000s\000\040\000h\000e\000l\000p\000?\000\040\000I\000t\000\040\000d\000o\000e\000s\000\040\000n\000o\000t}{section.6}% 22
\BOOKMARK [2][-]{subsection.6.3}{\376\377\000D\000o\000e\000s\000\040\000t\000h\000e\000\040\000h\000a\000r\000n\000e\000s\000s\000\040\000m\000a\000t\000t\000e\000r\000,\000\040\000w\000i\000t\000h\000\040\000t\000h\000e\000\040\000m\000o\000d\000e\000l\000\040\000h\000e\000l\000d\000\040\000f\000i\000x\000e\000d\000?}{section.6}% 23
\BOOKMARK [2][-]{subsection.6.4}{\376\377\000A\000g\000a\000i\000n\000s\000t\000\040\000a\000\040\000b\000a\000s\000e\000l\000i\000n\000e\000\040\000t\000h\000a\000t\000\040\000u\000s\000e\000s\000\040\000n\000o\000\040\000m\000o\000d\000e\000l\000\040\000a\000t\000\040\000a\000l\000l}{section.6}% 24
\BOOKMARK [2][-]{subsection.6.5}{\376\377\000C\000o\000s\000t\000,\000\040\000a\000n\000d\000\040\000w\000h\000e\000t\000h\000e\000r\000\040\000t\000h\000e\000\040\000b\000u\000d\000g\000e\000t\000\040\000w\000a\000s\000\040\000r\000e\000s\000p\000e\000c\000t\000e\000d}{section.6}% 25
\BOOKMARK [1][-]{section.7}{\376\377\000V\000e\000r\000i\000f\000i\000c\000a\000t\000i\000o\000n\000:\000\040\000d\000i\000d\000\040\000i\000t\000\040\000d\000e\000l\000i\000v\000e\000r\000,\000\040\000i\000s\000\040\000i\000t\000\040\000v\000a\000l\000i\000d\000,\000\040\000d\000i\000d\000\040\000i\000t\000\040\000t\000e\000l\000l\000\040\000t\000h\000e\000\040\000t\000r\000u\000t\000h\000?}{}% 26
\BOOKMARK [2][-]{subsection.7.1}{\376\377\000P\000a\000s\000s\000i\000n\000g\000\040\000e\000v\000e\000r\000y\000\040\000g\000a\000t\000e\000\040\000i\000s\000\040\000n\000o\000t\000\040\000t\000h\000e\000\040\000s\000a\000m\000e\000\040\000a\000s\000\040\000b\000e\000i\000n\000g\000\040\000r\000i\000g\000h\000t}{section.7}% 27
\BOOKMARK [2][-]{subsection.7.2}{\376\377\000H\000o\000w\000\040\000o\000f\000t\000e\000n\000\040\000t\000h\000a\000t\000\040\000h\000a\000p\000p\000e\000n\000s}{section.7}% 28
\BOOKMARK [2][-]{subsection.7.3}{\376\377\000W\000h\000a\000t\000\040\000i\000t\000\040\000l\000o\000o\000k\000s\000\040\000l\000i\000k\000e}{section.7}% 29
\BOOKMARK [2][-]{subsection.7.4}{\376\377\000T\000h\000e\000\040\000h\000o\000n\000e\000s\000t\000y\000\040\000g\000a\000p}{section.7}% 30
\BOOKMARK [2][-]{subsection.7.5}{\376\377\000W\000h\000a\000t\000\040\000w\000e\000n\000t\000\040\000w\000r\000o\000n\000g\000\040\000i\000n\000\040\000t\000h\000e\000\040\000r\000u\000n\000s\000\040\000t\000h\000a\000t\000\040\000p\000r\000o\000d\000u\000c\000e\000d\000\040\000n\000o\000t\000h\000i\000n\000g}{section.7}% 31
\BOOKMARK [2][-]{subsection.7.6}{\376\377\000A\000\040\000b\000l\000i\000n\000d\000\040\000c\000o\000d\000e\000\040\000r\000e\000v\000i\000e\000w\000,\000\040\000a\000n\000d\000\040\000w\000h\000e\000r\000e\000\040\000i\000t\000\040\000d\000i\000s\000a\000g\000r\000e\000e\000s\000\040\000w\000i\000t\000h\000\040\000t\000h\000e\000\040\000p\000a\000r\000s\000e\000r}{section.7}% 32
\BOOKMARK [2][-]{subsection.7.7}{\376\377\000W\000a\000s\000\040\000t\000h\000e\000\040\000a\000d\000a\000p\000t\000i\000v\000e\000\040\000s\000a\000m\000p\000l\000i\000n\000g\000\040\000w\000o\000r\000t\000h\000\040\000a\000s\000k\000i\000n\000g\000\040\000f\000o\000r\000?}{section.7}% 33
\BOOKMARK [1][-]{section.8}{\376\377\000W\000h\000a\000t\000\040\000t\000h\000e\000\040\000a\000g\000e\000n\000t\000s\000\040\000a\000c\000t\000u\000a\000l\000l\000y\000\040\000b\000u\000i\000l\000t}{}% 34
\BOOKMARK [2][-]{subsection.8.1}{\376\377\000H\000o\000w\000\040\000i\000t\000\040\000i\000s\000\040\000m\000e\000a\000s\000u\000r\000e\000d}{section.8}% 35
\BOOKMARK [2][-]{subsection.8.2}{\376\377\000M\000e\000t\000h\000o\000d\000\040\000c\000h\000o\000i\000c\000e\000\040\000t\000r\000a\000c\000k\000s\000\040\000t\000h\000e\000\040\000a\000c\000c\000e\000s\000s\000\040\000l\000e\000v\000e\000l\000,\000\040\000n\000o\000t\000\040\000t\000h\000e\000\040\000s\000u\000b\000s\000t\000r\000a\000t\000e}{section.8}% 36
\BOOKMARK [2][-]{subsection.8.3}{\376\377\000M\000e\000t\000h\000o\000d\000\040\000r\000e\000p\000r\000o\000d\000u\000c\000i\000b\000i\000l\000i\000t\000y\000\040\000i\000s\000\040\000p\000o\000o\000r\000\040\000e\000v\000e\000n\000\040\000w\000h\000e\000r\000e\000\040\000s\000c\000o\000r\000e\000\040\000r\000e\000p\000r\000o\000d\000u\000c\000i\000b\000i\000l\000i\000t\000y\000\040\000i\000s\000\040\000g\000o\000o\000d}{section.8}% 37
\BOOKMARK [2][-]{subsection.8.4}{\376\377\000A\000d\000a\000p\000t\000i\000v\000i\000t\000y\000\040\000i\000s\000\040\000n\000o\000m\000i\000n\000a\000l\000:\000\040\000o\000n\000e\000\040\000f\000i\000x\000e\000d\000\040\000r\000u\000l\000e\000,\000\040\000e\000x\000e\000c\000u\000t\000e\000d\000\040\000n\000\040\000t\000i\000m\000e\000s}{section.8}% 38
\BOOKMARK [2][-]{subsection.8.5}{\376\377\000T\000h\000e\000\040\000c\000o\000d\000e\000\040\000o\000f\000t\000e\000n\000\040\000d\000o\000e\000s\000\040\000n\000o\000t\000\040\000m\000a\000t\000c\000h\000\040\000t\000h\000e\000\040\000p\000r\000o\000s\000e\000,\000\040\000a\000n\000d\000\040\000a\000\040\000l\000i\000b\000r\000a\000r\000y\000\040\000h\000i\000d\000e\000s\000\040\000i\000t}{section.8}% 39
\BOOKMARK [2][-]{subsection.8.6}{\376\377\000W\000h\000e\000r\000e\000\040\000t\000h\000e\000\040\000r\000e\000s\000t\000\040\000o\000f\000\040\000t\000h\000e\000\040\000s\000o\000l\000u\000t\000i\000o\000n\000\040\000a\000g\000r\000e\000e\000s\000,\000\040\000a\000n\000d\000\040\000w\000h\000e\000r\000e\000\040\000i\000t\000\040\000o\000n\000l\000y\000\040\000n\000e\000a\000r\000l\000y\000\040\000d\000o\000e\000s}{section.8}% 40
\BOOKMARK [1][-]{section.9}{\376\377\000L\000i\000m\000i\000t\000a\000t\000i\000o\000n\000s}{}% 41
\BOOKMARK [1][-]{section.10}{\376\377\000C\000o\000n\000c\000l\000u\000s\000i\000o\000n}{}% 42
\BOOKMARK [1][-]{appendix.A}{\376\377\000R\000e\000p\000r\000o\000d\000u\000c\000i\000n\000g\000\040\000t\000h\000i\000s\000\040\000w\000o\000r\000k}{}% 43
\BOOKMARK [1][-]{appendix.B}{\376\377\000F\000r\000o\000z\000e\000n\000\040\000a\000s\000s\000e\000t\000s}{}% 44
\BOOKMARK [1][-]{appendix.C}{\376\377\000T\000a\000s\000k\000\040\000c\000h\000a\000r\000a\000c\000t\000e\000r\000i\000s\000a\000t\000i\000o\000n\000\040\000i\000n\000\040\000f\000u\000l\000l}{}% 45
\BOOKMARK [1][-]{appendix.D}{\376\377\000T\000h\000e\000\040\000t\000a\000s\000k\000\040\000t\000e\000x\000t\000,\000\040\000a\000n\000d\000\040\000h\000o\000w\000\040\000t\000h\000e\000\040\000t\000w\000o\000\040\000l\000e\000v\000e\000l\000s\000\040\000d\000i\000f\000f\000e\000r}{}% 46
\BOOKMARK [2][-]{subsection.D.1}{\376\377\000T\000h\000e\000\040\000L\0003\000\040\000p\000r\000o\000b\000l\000e\000m\000\040\000s\000t\000a\000t\000e\000m\000e\000n\000t}{appendix.D}% 47
\BOOKMARK [2][-]{subsection.D.2}{\376\377\000E\000v\000e\000r\000y\000\040\000d\000i\000f\000f\000e\000r\000e\000n\000c\000e\000\040\000f\000r\000o\000m\000\040\000t\000h\000e\000\040\000L\0002\000\040\000s\000t\000a\000t\000e\000m\000e\000n\000t}{appendix.D}% 48
\BOOKMARK [1][-]{appendix.E}{\376\377\000S\000o\000l\000u\000t\000i\000o\000n\000-\000s\000h\000a\000p\000e\000\040\000c\000r\000o\000s\000s\000\040\000c\000o\000m\000p\000a\000r\000i\000s\000o\000n}{}% 49
\BOOKMARK [1][-]{appendix.F}{\376\377\000G\000l\000o\000s\000s\000a\000r\000y\000\040\000o\000f\000\040\000c\000a\000n\000o\000n\000i\000c\000a\000l\000\040\000v\000a\000l\000u\000e\000s}{}% 50
